// Jest Snapshot v1, https://goo.gl/fbAQLP

exports[`Counter App should be match snapshot 1`] = `
<div>
  <h1>
    CounterApp
  </h1>
  <h2>
    0
  </h2>
  <button>
    -1
  </button>
  <button
    aria-label="btn-reset"
  >
    0
  </button>
  <button>
    +1
  </button>
</div>
`;
